// Jest Snapshot v1, https://goo.gl/fbAQLP

exports[`Select Component Renders Correctly 1`] = `
Array [
  <div>
    <div
      className="sc-bdfBQB iUommc"
      width="200px"
    >
      <div
        className="sc-dlfnuX hdSKUI"
        disabled={false}
        onClick={[Function]}
        tabIndex={0}
      >
        <div>
          Select a country
        </div>
        <svg
          className="sc-eCstlR iGbiJz"
          viewBox="0 0 330 330"
          xmlns="http://www.w3.org/2000/svg"
        >
          <path
            d="M325.607 79.393c-5.857-5.857-15.355-5.858-21.213.001l-139.39 139.393L25.607 79.393c-5.857-5.857-15.355-5.858-21.213.001-5.858 5.858-5.858 15.355 0 21.213l150.004 150a14.999 14.999 0 0021.212-.001l149.996-150c5.859-5.857 5.859-15.355.001-21.213z"
          />
        </svg>
      </div>
    </div>
  </div>,
  <div>
    <div
      className="sc-bdfBQB dXXAAm"
      width="400px"
    >
      <div
        className="sc-dlfnuX hdSKUI"
        disabled={false}
        onClick={[Function]}
        tabIndex={0}
      >
        <div>
          Select a sport
        </div>
        <svg
          className="sc-eCstlR iGbiJz"
          viewBox="0 0 330 330"
          xmlns="http://www.w3.org/2000/svg"
        >
          <path
            d="M325.607 79.393c-5.857-5.857-15.355-5.858-21.213.001l-139.39 139.393L25.607 79.393c-5.857-5.857-15.355-5.858-21.213.001-5.858 5.858-5.858 15.355 0 21.213l150.004 150a14.999 14.999 0 0021.212-.001l149.996-150c5.859-5.857 5.859-15.355.001-21.213z"
          />
        </svg>
      </div>
    </div>
  </div>,
]
`;
